
[1m[46m RUN [49m[22m [36mv4.0.16 [39m[90mC:/soft/starrail_party_calc[39m

[90mstdout[2m | app/simulator/scenarios/acheron.test.ts[2m > [22m[2mAcheron Mechanics[2m > [22m[2mshould initialize with correct properties
[22m[39m[createInitialGameState] Character acheron Eidolon Level: 0
[applyCharacterMechanics] Called for acheron, Eidolon: 0
[Acheron Debug] Event=ON_EFFECT_APPLIED, Source=acheron, MyID=acheron
[updatePassiveBuffs] Units at start:
  - 鮟・ｳ・ 0 effects []
  - Enemy 1: 1 effects [ [32m'髮・悄襍､ (5)'[39m ]
[updatePassiveBuffs] Units before return:
  - 鮟・ｳ・ 0 effects []
  - Enemy 1: 1 effects [ [32m'髮・悄襍､ (5)'[39m ]

[90mstdout[2m | app/simulator/scenarios/acheron.test.ts[2m > [22m[2mAcheron Mechanics[2m > [22m[2mshould ignore standard energy recovery
[22m[39m[createInitialGameState] Character acheron Eidolon Level: 0
[applyCharacterMechanics] Called for acheron, Eidolon: 0
[Acheron Debug] Event=ON_EFFECT_APPLIED, Source=acheron, MyID=acheron
[updatePassiveBuffs] Units at start:
  - 鮟・ｳ・ 0 effects []
  - Enemy 1: 1 effects [ [32m'髮・悄襍､ (5)'[39m ]
[updatePassiveBuffs] Units before return:
  - 鮟・ｳ・ 0 effects []
  - Enemy 1: 1 effects [ [32m'髮・悄襍､ (5)'[39m ]

[90mstdout[2m | app/simulator/scenarios/acheron.test.ts[2m > [22m[2mAcheron Mechanics[2m > [22m[2mshould gain EP (Zanmu) via Skill
[22m[39m[createInitialGameState] Character acheron Eidolon Level: 0
[applyCharacterMechanics] Called for acheron, Eidolon: 0
[Acheron Debug] Event=ON_EFFECT_APPLIED, Source=acheron, MyID=acheron
[updatePassiveBuffs] Units at start:
  - 鮟・ｳ・ 0 effects []
  - Enemy 1: 1 effects [ [32m'髮・悄襍､ (5)'[39m ]
[updatePassiveBuffs] Units before return:
  - 鮟・ｳ・ 0 effects []
  - Enemy 1: 1 effects [ [32m'髮・悄襍､ (5)'[39m ]

[90mstdout[2m | app/simulator/scenarios/acheron.test.ts[2m > [22m[2mAcheron Mechanics[2m > [22m[2mshould gain EP (Zanmu) via Skill
[22m[39m[SP] 3 -> 2 (-1) by acheron
[Acheron Debug] Event=ON_SKILL_USED, Source=acheron, MyID=acheron
[Acheron Debug] Event=ON_ACTION_COMPLETE, Source=acheron, MyID=acheron

[90mstdout[2m | app/simulator/scenarios/acheron.test.ts[2m > [22m[2mAcheron Mechanics[2m > [22m[2mshould gain EP when debuff is applied
[22m[39m[createInitialGameState] Character acheron Eidolon Level: 0
[applyCharacterMechanics] Called for acheron, Eidolon: 0
[Acheron Debug] Event=ON_EFFECT_APPLIED, Source=acheron, MyID=acheron
[updatePassiveBuffs] Units at start:
  - 鮟・ｳ・ 0 effects []
  - Enemy 1: 1 effects [ [32m'髮・悄襍､ (5)'[39m ]
[updatePassiveBuffs] Units before return:
  - 鮟・ｳ・ 0 effects []
  - Enemy 1: 1 effects [ [32m'髮・悄襍､ (5)'[39m ]

[90mstdout[2m | app/simulator/scenarios/acheron.test.ts[2m > [22m[2mAcheron Mechanics[2m > [22m[2mshould gain EP when debuff is applied
[22m[39m[Acheron Debug] Event=ON_EFFECT_APPLIED, Source=acheron, MyID=acheron

[90mstdout[2m | app/simulator/scenarios/acheron.test.ts[2m > [22m[2mAcheron Mechanics[2m > [22m[2mshould consume EP on Ultimate
[22m[39m[createInitialGameState] Character acheron Eidolon Level: 0
[applyCharacterMechanics] Called for acheron, Eidolon: 0
[Acheron Debug] Event=ON_EFFECT_APPLIED, Source=acheron, MyID=acheron
[updatePassiveBuffs] Units at start:
  - 鮟・ｳ・ 0 effects []
  - Enemy 1: 1 effects [ [32m'髮・悄襍､ (5)'[39m ]
[updatePassiveBuffs] Units before return:
  - 鮟・ｳ・ 0 effects []
  - Enemy 1: 1 effects [ [32m'髮・悄襍､ (5)'[39m ]

[90mstdout[2m | app/simulator/scenarios/acheron.test.ts[2m > [22m[2mAcheron Mechanics[2m > [22m[2mshould consume EP on Ultimate
[22m[39m[Acheron Debug] Event=ON_ULTIMATE_USED, Source=acheron, MyID=acheron
[Acheron Debug] Event=ON_EFFECT_APPLIED, Source=acheron, MyID=acheron
[updatePassiveBuffs] Units at start:
  - 鮟・ｳ・ 1 effects [ [32m'蠢・ｮｺ謚螳溯｡御ｸｭ'[39m ]
  - Enemy 1: 1 effects [ [32m'髮・悄襍､ (5)'[39m ]
[updatePassiveBuffs] Units before return:
  - 鮟・ｳ・ 1 effects [ [32m'蠢・ｮｺ謚螳溯｡御ｸｭ'[39m ]
  - Enemy 1: 1 effects [ [32m'髮・悄襍､ (5)'[39m ]
[StatBuilder] Applying effect modifier: physical_res += -0.2 (add) from 鮟・ｳ牙､ｩ雉ｦ (stack: 1)
[StatBuilder] Applying effect modifier: fire_res += -0.2 (add) from 鮟・ｳ牙､ｩ雉ｦ (stack: 1)
[StatBuilder] Applying effect modifier: ice_res += -0.2 (add) from 鮟・ｳ牙､ｩ雉ｦ (stack: 1)
[StatBuilder] Applying effect modifier: lightning_res += -0.2 (add) from 鮟・ｳ牙､ｩ雉ｦ (stack: 1)
[StatBuilder] Applying effect modifier: wind_res += -0.2 (add) from 鮟・ｳ牙､ｩ雉ｦ (stack: 1)
[StatBuilder] Applying effect modifier: quantum_res += -0.2 (add) from 鮟・ｳ牙､ｩ雉ｦ (stack: 1)
[StatBuilder] Applying effect modifier: imaginary_res += -0.2 (add) from 鮟・ｳ牙､ｩ雉ｦ (stack: 1)
[Acheron Debug] Event=ON_EFFECT_APPLIED, Source=acheron, MyID=acheron
[updatePassiveBuffs] Units at start:
  - 鮟・ｳ・ 1 effects [ [32m'蠢・ｮｺ謚螳溯｡御ｸｭ'[39m ]
  - Enemy 1: 2 effects [ [32m'髮・悄襍､ (5)'[39m, [32m'蜈ｨ閠先ｧ-20%'[39m ]
[StatBuilder] Applying effect modifier: physical_res += -0.2 (add) from 鮟・ｳ牙､ｩ雉ｦ (stack: 1)
[StatBuilder] Applying effect modifier: fire_res += -0.2 (add) from 鮟・ｳ牙､ｩ雉ｦ (stack: 1)
[StatBuilder] Applying effect modifier: ice_res += -0.2 (add) from 鮟・ｳ牙､ｩ雉ｦ (stack: 1)
[StatBuilder] Applying effect modifier: lightning_res += -0.2 (add) from 鮟・ｳ牙､ｩ雉ｦ (stack: 1)
[StatBuilder] Applying effect modifier: wind_res += -0.2 (add) from 鮟・ｳ牙､ｩ雉ｦ (stack: 1)
[StatBuilder] Applying effect modifier: quantum_res += -0.2 (add) from 鮟・ｳ牙､ｩ雉ｦ (stack: 1)
[StatBuilder] Applying effect modifier: imaginary_res += -0.2 (add) from 鮟・ｳ牙､ｩ雉ｦ (stack: 1)
[updatePassiveBuffs] Units before return:
  - 鮟・ｳ・ 1 effects [ [32m'蠢・ｮｺ謚螳溯｡御ｸｭ'[39m ]
  - Enemy 1: 2 effects [ [32m'髮・悄襍､ (5)'[39m, [32m'蜈ｨ閠先ｧ-20%'[39m ]
[StatBuilder] Applying effect modifier: all_type_dmg_boost += 0.3 (add) from 髮ｷ蠢・(stack: 1)
[Acheron Debug] Event=ON_EFFECT_APPLIED, Source=acheron, MyID=acheron
[updatePassiveBuffs] Units at start:
  - 鮟・ｳ・ 2 effects [ [32m'蠢・ｮｺ謚螳溯｡御ｸｭ'[39m, [32m'髮ｷ蠢・荳弱ム繝｡+30%'[39m ]
  - Enemy 1: 2 effects [ [32m'髮・悄襍､ (2)'[39m, [32m'蜈ｨ閠先ｧ-20%'[39m ]
[StatBuilder] Applying effect modifier: all_type_dmg_boost += 0.3 (add) from 髮ｷ蠢・(stack: 1)
[StatBuilder] Applying effect modifier: physical_res += -0.2 (add) from 鮟・ｳ牙､ｩ雉ｦ (stack: 1)
[StatBuilder] Applying effect modifier: fire_res += -0.2 (add) from 鮟・ｳ牙､ｩ雉ｦ (stack: 1)
[StatBuilder] Applying effect modifier: ice_res += -0.2 (add) from 鮟・ｳ牙､ｩ雉ｦ (stack: 1)
[StatBuilder] Applying effect modifier: lightning_res += -0.2 (add) from 鮟・ｳ牙､ｩ雉ｦ (stack: 1)
[StatBuilder] Applying effect modifier: wind_res += -0.2 (add) from 鮟・ｳ牙､ｩ雉ｦ (stack: 1)
[StatBuilder] Applying effect modifier: quantum_res += -0.2 (add) from 鮟・ｳ牙､ｩ雉ｦ (stack: 1)
[StatBuilder] Applying effect modifier: imaginary_res += -0.2 (add) from 鮟・ｳ牙､ｩ雉ｦ (stack: 1)
[updatePassiveBuffs] Units before return:
  - 鮟・ｳ・ 2 effects [ [32m'蠢・ｮｺ謚螳溯｡御ｸｭ'[39m, [32m'髮ｷ蠢・荳弱ム繝｡+30%'[39m ]
  - Enemy 1: 2 effects [ [32m'髮・悄襍､ (2)'[39m, [32m'蜈ｨ閠先ｧ-20%'[39m ]
[StatBuilder] Applying effect modifier: physical_res += -0.2 (add) from 鮟・ｳ牙､ｩ雉ｦ (stack: 1)
[StatBuilder] Applying effect modifier: fire_res += -0.2 (add) from 鮟・ｳ牙､ｩ雉ｦ (stack: 1)
[StatBuilder] Applying effect modifier: ice_res += -0.2 (add) from 鮟・ｳ牙､ｩ雉ｦ (stack: 1)
[StatBuilder] Applying effect modifier: lightning_res += -0.2 (add) from 鮟・ｳ牙､ｩ雉ｦ (stack: 1)
[StatBuilder] Applying effect modifier: wind_res += -0.2 (add) from 鮟・ｳ牙､ｩ雉ｦ (stack: 1)
[StatBuilder] Applying effect modifier: quantum_res += -0.2 (add) from 鮟・ｳ牙､ｩ雉ｦ (stack: 1)
[StatBuilder] Applying effect modifier: imaginary_res += -0.2 (add) from 鮟・ｳ牙､ｩ雉ｦ (stack: 1)
[updatePassiveBuffs] Units at start:
  - 鮟・ｳ・ 2 effects [ [32m'蠢・ｮｺ謚螳溯｡御ｸｭ'[39m, [32m'髮ｷ蠢・荳弱ム繝｡+30%'[39m ]
  - Enemy 1: 1 effects [ [32m'蜈ｨ閠先ｧ-20%'[39m ]
[StatBuilder] Applying effect modifier: all_type_dmg_boost += 0.3 (add) from 髮ｷ蠢・(stack: 1)
[StatBuilder] Applying effect modifier: physical_res += -0.2 (add) from 鮟・ｳ牙､ｩ雉ｦ (stack: 1)
[StatBuilder] Applying effect modifier: fire_res += -0.2 (add) from 鮟・ｳ牙､ｩ雉ｦ (stack: 1)
[StatBuilder] Applying effect modifier: ice_res += -0.2 (add) from 鮟・ｳ牙､ｩ雉ｦ (stack: 1)
[StatBuilder] Applying effect modifier: lightning_res += -0.2 (add) from 鮟・ｳ牙､ｩ雉ｦ (stack: 1)
[StatBuilder] Applying effect modifier: wind_res += -0.2 (add) from 鮟・ｳ牙､ｩ雉ｦ (stack: 1)
[StatBuilder] Applying effect modifier: quantum_res += -0.2 (add) from 鮟・ｳ牙､ｩ雉ｦ (stack: 1)
[StatBuilder] Applying effect modifier: imaginary_res += -0.2 (add) from 鮟・ｳ牙､ｩ雉ｦ (stack: 1)
[updatePassiveBuffs] Units before return:
  - 鮟・ｳ・ 2 effects [ [32m'蠢・ｮｺ謚螳溯｡御ｸｭ'[39m, [32m'髮ｷ蠢・荳弱ム繝｡+30%'[39m ]
  - Enemy 1: 1 effects [ [32m'蜈ｨ閠先ｧ-20%'[39m ]
[updatePassiveBuffs] Units at start:
  - 鮟・ｳ・ 2 effects [ [32m'蠢・ｮｺ謚螳溯｡御ｸｭ'[39m, [32m'髮ｷ蠢・荳弱ム繝｡+60%'[39m ]
  - Enemy 1: 0 effects []
[StatBuilder] Applying effect modifier: all_type_dmg_boost += 1.2 (add) from 髮ｷ蠢・(stack: 2)
[updatePassiveBuffs] Units before return:
  - 鮟・ｳ・ 2 effects [ [32m'蠢・ｮｺ謚螳溯｡御ｸｭ'[39m, [32m'髮ｷ蠢・荳弱ム繝｡+60%'[39m ]
  - Enemy 1: 0 effects []
[StatBuilder] Applying effect modifier: all_type_dmg_boost += 1.2 (add) from 髮ｷ蠢・(stack: 2)
[updatePassiveBuffs] Units at start:
  - 鮟・ｳ・ 1 effects [ [32m'髮ｷ蠢・荳弱ム繝｡+60%'[39m ]
  - Enemy 1: 0 effects []
[StatBuilder] Applying effect modifier: all_type_dmg_boost += 1.2 (add) from 髮ｷ蠢・(stack: 2)
[updatePassiveBuffs] Units before return:
  - 鮟・ｳ・ 1 effects [ [32m'髮ｷ蠢・荳弱ム繝｡+60%'[39m ]
  - Enemy 1: 0 effects []
[Acheron Debug] Event=ON_ACTION_COMPLETE, Source=acheron, MyID=acheron
[StatBuilder] Applying effect modifier: all_type_dmg_boost += 1.2 (add) from 髮ｷ蠢・(stack: 2)
[Test] Ultimate log: {
  "actionType": "蠢・ｮｺ謚",
  "hitDetailsCount": 8,
  "logDetailsPrimaryDamageCount": 8,
  "hitDetails": [
    {
      "hitIndex": 0,
      "targetName": "Enemy 1 - 蝠ｼ豐｢譁ｬ繧・蝗樒岼",
      "damage": 214.4256
    },
    {
      "hitIndex": 1,
      "targetName": "Enemy 1 - 蝠ｼ豐｢譁ｬ繧・蝗樒岼 髮・悄襍､繝懊・繝翫せ(3螻､)",
      "damage": 1608.192
    },
    {
      "hitIndex": 2,
      "targetName": "Enemy 1 - 蝠ｼ豐｢譁ｬ繧・蝗樒岼 蜈ｨ菴楢ｿｽ蜉",
      "damage": 402.048
    },
    {
      "hitIndex": 3,
      "targetName": "Enemy 1 - 蝠ｼ豐｢譁ｬ繧・蝗樒岼",
      "damage": 214.4256
    },
    {
      "hitIndex": 4,
      "targetName": "Enemy 1 - 蝠ｼ豐｢譁ｬ繧・蝗樒岼 髮・悄襍､繝懊・繝翫せ(2螻､)",
      "damage": 1072.128
    },
    {
      "hitIndex": 5,
      "targetName": "Enemy 1 - 蝠ｼ豐｢譁ｬ繧・蝗樒岼 蜈ｨ菴楢ｿｽ蜉",
      "damage": 268.032
    },
    {
      "hitIndex": 6,
      "targetName": "Enemy 1 - 蝠ｼ豐｢譁ｬ繧・蝗樒岼",
      "damage": 214.4256
    },
    {
      "hitIndex": 9,
      "targetName": "Enemy 1 - 鮟・ｳ芽ｿ斐ｊ",
      "damage": 1072.128
    }
  ],
  "logDetailsPrimaryDamage": [
    {
      "hitIndex": 0,
      "targetName": "Enemy 1 - 蝠ｼ豐｢譁ｬ繧・蝗樒岼",
      "damage": 214.4256
    },
    {
      "hitIndex": 1,
      "targetName": "Enemy 1 - 蝠ｼ豐｢譁ｬ繧・蝗樒岼 髮・悄襍､繝懊・繝翫せ(3螻､)",
      "damage": 1608.192
    },
    {
      "hitIndex": 2,
      "targetName": "Enemy 1 - 蝠ｼ豐｢譁ｬ繧・蝗樒岼 蜈ｨ菴楢ｿｽ蜉",
      "damage": 402.048
    },
    {
      "hitIndex": 3,
      "targetName": "Enemy 1 - 蝠ｼ豐｢譁ｬ繧・蝗樒岼",
      "damage": 214.4256
    },
    {
      "hitIndex": 4,
      "targetName": "Enemy 1 - 蝠ｼ豐｢譁ｬ繧・蝗樒岼 髮・悄襍､繝懊・繝翫せ(2螻､)",
      "damage": 1072.128
    },
    {
      "hitIndex": 5,
      "targetName": "Enemy 1 - 蝠ｼ豐｢譁ｬ繧・蝗樒岼 蜈ｨ菴楢ｿｽ蜉",
      "damage": 268.032
    },
    {
      "hitIndex": 6,
      "targetName": "Enemy 1 - 蝠ｼ豐｢譁ｬ繧・蝗樒岼",
      "damage": 214.4256
    },
    {
      "hitIndex": 9,
      "targetName": "Enemy 1 - 鮟・ｳ芽ｿ斐ｊ",
      "damage": 1072.128
    }
  ]
}

[90mstdout[2m | app/simulator/scenarios/acheron.test.ts[2m > [22m[2mAcheron Mechanics[2m > [22m[2mshould handle stored stacks (Shisou Danwa)
[22m[39m[createInitialGameState] Character acheron Eidolon Level: 0
[applyCharacterMechanics] Called for acheron, Eidolon: 0
[Acheron Debug] Event=ON_EFFECT_APPLIED, Source=acheron, MyID=acheron
[updatePassiveBuffs] Units at start:
  - 鮟・ｳ・ 0 effects []
  - Enemy 1: 1 effects [ [32m'髮・悄襍､ (5)'[39m ]
[updatePassiveBuffs] Units before return:
  - 鮟・ｳ・ 0 effects []
  - Enemy 1: 1 effects [ [32m'髮・悄襍､ (5)'[39m ]

[90mstdout[2m | app/simulator/scenarios/acheron.test.ts[2m > [22m[2mAcheron Mechanics[2m > [22m[2mshould handle stored stacks (Shisou Danwa)
[22m[39m[SP] 3 -> 2 (-1) by acheron
[Acheron Debug] Event=ON_SKILL_USED, Source=acheron, MyID=acheron
[Acheron Debug] Event=ON_EFFECT_APPLIED, Source=acheron, MyID=acheron
[updatePassiveBuffs] Units at start:
  - 鮟・ｳ・ 1 effects [ [32m'蝗帷嶌譁ｭ謌・(1/3)'[39m ]
  - Enemy 1: 1 effects [ [32m'髮・悄襍､ (5)'[39m ]
[updatePassiveBuffs] Units before return:
  - 鮟・ｳ・ 1 effects [ [32m'蝗帷嶌譁ｭ謌・(1/3)'[39m ]
  - Enemy 1: 1 effects [ [32m'髮・悄襍､ (5)'[39m ]
[Acheron Debug] Event=ON_ACTION_COMPLETE, Source=acheron, MyID=acheron
[Acheron Debug] Event=ON_ULTIMATE_USED, Source=acheron, MyID=acheron
[Acheron Debug] Event=ON_EFFECT_APPLIED, Source=acheron, MyID=acheron
[updatePassiveBuffs] Units at start:
  - 鮟・ｳ・ 2 effects [ [32m'蝗帷嶌譁ｭ謌・(1/3)'[39m, [32m'蠢・ｮｺ謚螳溯｡御ｸｭ'[39m ]
  - Enemy 1: 1 effects [ [32m'髮・悄襍､ (6)'[39m ]
[updatePassiveBuffs] Units before return:
  - 鮟・ｳ・ 2 effects [ [32m'蝗帷嶌譁ｭ謌・(1/3)'[39m, [32m'蠢・ｮｺ謚螳溯｡御ｸｭ'[39m ]
  - Enemy 1: 1 effects [ [32m'髮・悄襍､ (6)'[39m ]
[StatBuilder] Applying effect modifier: physical_res += -0.2 (add) from 鮟・ｳ牙､ｩ雉ｦ (stack: 1)
[StatBuilder] Applying effect modifier: fire_res += -0.2 (add) from 鮟・ｳ牙､ｩ雉ｦ (stack: 1)
[StatBuilder] Applying effect modifier: ice_res += -0.2 (add) from 鮟・ｳ牙､ｩ雉ｦ (stack: 1)
[StatBuilder] Applying effect modifier: lightning_res += -0.2 (add) from 鮟・ｳ牙､ｩ雉ｦ (stack: 1)
[StatBuilder] Applying effect modifier: wind_res += -0.2 (add) from 鮟・ｳ牙､ｩ雉ｦ (stack: 1)
[StatBuilder] Applying effect modifier: quantum_res += -0.2 (add) from 鮟・ｳ牙､ｩ雉ｦ (stack: 1)
[StatBuilder] Applying effect modifier: imaginary_res += -0.2 (add) from 鮟・ｳ牙､ｩ雉ｦ (stack: 1)
[Acheron Debug] Event=ON_EFFECT_APPLIED, Source=acheron, MyID=acheron
[updatePassiveBuffs] Units at start:
  - 鮟・ｳ・ 2 effects [ [32m'蝗帷嶌譁ｭ謌・(1/3)'[39m, [32m'蠢・ｮｺ謚螳溯｡御ｸｭ'[39m ]
  - Enemy 1: 2 effects [ [32m'髮・悄襍､ (6)'[39m, [32m'蜈ｨ閠先ｧ-20%'[39m ]
[StatBuilder] Applying effect modifier: physical_res += -0.2 (add) from 鮟・ｳ牙､ｩ雉ｦ (stack: 1)
[StatBuilder] Applying effect modifier: fire_res += -0.2 (add) from 鮟・ｳ牙､ｩ雉ｦ (stack: 1)
[StatBuilder] Applying effect modifier: ice_res += -0.2 (add) from 鮟・ｳ牙､ｩ雉ｦ (stack: 1)
[StatBuilder] Applying effect modifier: lightning_res += -0.2 (add) from 鮟・ｳ牙､ｩ雉ｦ (stack: 1)
[StatBuilder] Applying effect modifier: wind_res += -0.2 (add) from 鮟・ｳ牙､ｩ雉ｦ (stack: 1)
[StatBuilder] Applying effect modifier: quantum_res += -0.2 (add) from 鮟・ｳ牙､ｩ雉ｦ (stack: 1)
[StatBuilder] Applying effect modifier: imaginary_res += -0.2 (add) from 鮟・ｳ牙､ｩ雉ｦ (stack: 1)
[updatePassiveBuffs] Units before return:
  - 鮟・ｳ・ 2 effects [ [32m'蝗帷嶌譁ｭ謌・(1/3)'[39m, [32m'蠢・ｮｺ謚螳溯｡御ｸｭ'[39m ]
  - Enemy 1: 2 effects [ [32m'髮・悄襍､ (6)'[39m, [32m'蜈ｨ閠先ｧ-20%'[39m ]
[StatBuilder] Applying effect modifier: all_type_dmg_boost += 0.3 (add) from 髮ｷ蠢・(stack: 1)
[Acheron Debug] Event=ON_EFFECT_APPLIED, Source=acheron, MyID=acheron
[updatePassiveBuffs] Units at start:
  - 鮟・ｳ・ 3 effects [ [32m'蝗帷嶌譁ｭ謌・(1/3)'[39m, [32m'蠢・ｮｺ謚螳溯｡御ｸｭ'[39m, [32m'髮ｷ蠢・荳弱ム繝｡+30%'[39m ]
  - Enemy 1: 2 effects [ [32m'髮・悄襍､ (3)'[39m, [32m'蜈ｨ閠先ｧ-20%'[39m ]
[StatBuilder] Applying effect modifier: all_type_dmg_boost += 0.3 (add) from 髮ｷ蠢・(stack: 1)
[StatBuilder] Applying effect modifier: physical_res += -0.2 (add) from 鮟・ｳ牙､ｩ雉ｦ (stack: 1)
[StatBuilder] Applying effect modifier: fire_res += -0.2 (add) from 鮟・ｳ牙､ｩ雉ｦ (stack: 1)
[StatBuilder] Applying effect modifier: ice_res += -0.2 (add) from 鮟・ｳ牙､ｩ雉ｦ (stack: 1)
[StatBuilder] Applying effect modifier: lightning_res += -0.2 (add) from 鮟・ｳ牙､ｩ雉ｦ (stack: 1)
[StatBuilder] Applying effect modifier: wind_res += -0.2 (add) from 鮟・ｳ牙､ｩ雉ｦ (stack: 1)
[StatBuilder] Applying effect modifier: quantum_res += -0.2 (add) from 鮟・ｳ牙､ｩ雉ｦ (stack: 1)
[StatBuilder] Applying effect modifier: imaginary_res += -0.2 (add) from 鮟・ｳ牙､ｩ雉ｦ (stack: 1)
[updatePassiveBuffs] Units before return:
  - 鮟・ｳ・ 3 effects [ [32m'蝗帷嶌譁ｭ謌・(1/3)'[39m, [32m'蠢・ｮｺ謚螳溯｡御ｸｭ'[39m, [32m'髮ｷ蠢・荳弱ム繝｡+30%'[39m ]
  - Enemy 1: 2 effects [ [32m'髮・悄襍､ (3)'[39m, [32m'蜈ｨ閠先ｧ-20%'[39m ]
[StatBuilder] Applying effect modifier: physical_res += -0.2 (add) from 鮟・ｳ牙､ｩ雉ｦ (stack: 1)
[StatBuilder] Applying effect modifier: fire_res += -0.2 (add) from 鮟・ｳ牙､ｩ雉ｦ (stack: 1)
[StatBuilder] Applying effect modifier: ice_res += -0.2 (add) from 鮟・ｳ牙､ｩ雉ｦ (stack: 1)
[StatBuilder] Applying effect modifier: lightning_res += -0.2 (add) from 鮟・ｳ牙､ｩ雉ｦ (stack: 1)
[StatBuilder] Applying effect modifier: wind_res += -0.2 (add) from 鮟・ｳ牙､ｩ雉ｦ (stack: 1)
[StatBuilder] Applying effect modifier: quantum_res += -0.2 (add) from 鮟・ｳ牙､ｩ雉ｦ (stack: 1)
[StatBuilder] Applying effect modifier: imaginary_res += -0.2 (add) from 鮟・ｳ牙､ｩ雉ｦ (stack: 1)
[updatePassiveBuffs] Units at start:
  - 鮟・ｳ・ 3 effects [ [32m'蝗帷嶌譁ｭ謌・(1/3)'[39m, [32m'蠢・ｮｺ謚螳溯｡御ｸｭ'[39m, [32m'髮ｷ蠢・荳弱ム繝｡+30%'[39m ]
  - Enemy 1: 1 effects [ [32m'蜈ｨ閠先ｧ-20%'[39m ]
[StatBuilder] Applying effect modifier: all_type_dmg_boost += 0.3 (add) from 髮ｷ蠢・(stack: 1)
[StatBuilder] Applying effect modifier: physical_res += -0.2 (add) from 鮟・ｳ牙､ｩ雉ｦ (stack: 1)
[StatBuilder] Applying effect modifier: fire_res += -0.2 (add) from 鮟・ｳ牙､ｩ雉ｦ (stack: 1)
[StatBuilder] Applying effect modifier: ice_res += -0.2 (add) from 鮟・ｳ牙､ｩ雉ｦ (stack: 1)
[StatBuilder] Applying effect modifier: lightning_res += -0.2 (add) from 鮟・ｳ牙､ｩ雉ｦ (stack: 1)
[StatBuilder] Applying effect modifier: wind_res += -0.2 (add) from 鮟・ｳ牙､ｩ雉ｦ (stack: 1)
[StatBuilder] Applying effect modifier: quantum_res += -0.2 (add) from 鮟・ｳ牙､ｩ雉ｦ (stack: 1)
[StatBuilder] Applying effect modifier: imaginary_res += -0.2 (add) from 鮟・ｳ牙､ｩ雉ｦ (stack: 1)
[updatePassiveBuffs] Units before return:
  - 鮟・ｳ・ 3 effects [ [32m'蝗帷嶌譁ｭ謌・(1/3)'[39m, [32m'蠢・ｮｺ謚螳溯｡御ｸｭ'[39m, [32m'髮ｷ蠢・荳弱ム繝｡+30%'[39m ]
  - Enemy 1: 1 effects [ [32m'蜈ｨ閠先ｧ-20%'[39m ]
[updatePassiveBuffs] Units at start:
  - 鮟・ｳ・ 3 effects [ [32m'蝗帷嶌譁ｭ謌・(1/3)'[39m, [32m'蠢・ｮｺ謚螳溯｡御ｸｭ'[39m, [32m'髮ｷ蠢・荳弱ム繝｡+60%'[39m ]
  - Enemy 1: 0 effects []
[StatBuilder] Applying effect modifier: all_type_dmg_boost += 1.2 (add) from 髮ｷ蠢・(stack: 2)
[updatePassiveBuffs] Units before return:
  - 鮟・ｳ・ 3 effects [ [32m'蝗帷嶌譁ｭ謌・(1/3)'[39m, [32m'蠢・ｮｺ謚螳溯｡御ｸｭ'[39m, [32m'髮ｷ蠢・荳弱ム繝｡+60%'[39m ]
  - Enemy 1: 0 effects []
[StatBuilder] Applying effect modifier: all_type_dmg_boost += 1.2 (add) from 髮ｷ蠢・(stack: 2)
[updatePassiveBuffs] Units at start:
  - 鮟・ｳ・ 2 effects [ [32m'蝗帷嶌譁ｭ謌・(1/3)'[39m, [32m'髮ｷ蠢・荳弱ム繝｡+60%'[39m ]
  - Enemy 1: 0 effects []
[StatBuilder] Applying effect modifier: all_type_dmg_boost += 1.2 (add) from 髮ｷ蠢・(stack: 2)
[updatePassiveBuffs] Units before return:
  - 鮟・ｳ・ 2 effects [ [32m'蝗帷嶌譁ｭ謌・(1/3)'[39m, [32m'髮ｷ蠢・荳弱ム繝｡+60%'[39m ]
  - Enemy 1: 0 effects []
[Acheron Debug] Event=ON_EFFECT_APPLIED, Source=acheron, MyID=acheron
[updatePassiveBuffs] Units at start:
  - 鮟・ｳ・ 2 effects [ [32m'蝗帷嶌譁ｭ謌・(1/3)'[39m, [32m'髮ｷ蠢・荳弱ム繝｡+60%'[39m ]
  - Enemy 1: 1 effects [ [32m'髮・悄襍､ (1)'[39m ]
[StatBuilder] Applying effect modifier: all_type_dmg_boost += 1.2 (add) from 髮ｷ蠢・(stack: 2)
[updatePassiveBuffs] Units before return:
  - 鮟・ｳ・ 2 effects [ [32m'蝗帷嶌譁ｭ謌・(1/3)'[39m, [32m'髮ｷ蠢・荳弱ム繝｡+60%'[39m ]
  - Enemy 1: 1 effects [ [32m'髮・悄襍､ (1)'[39m ]
[StatBuilder] Applying effect modifier: all_type_dmg_boost += 1.2 (add) from 髮ｷ蠢・(stack: 2)
[updatePassiveBuffs] Units at start:
  - 鮟・ｳ・ 1 effects [ [32m'髮ｷ蠢・荳弱ム繝｡+60%'[39m ]
  - Enemy 1: 1 effects [ [32m'髮・悄襍､ (1)'[39m ]
[StatBuilder] Applying effect modifier: all_type_dmg_boost += 1.2 (add) from 髮ｷ蠢・(stack: 2)
[updatePassiveBuffs] Units before return:
  - 鮟・ｳ・ 1 effects [ [32m'髮ｷ蠢・荳弱ム繝｡+60%'[39m ]
  - Enemy 1: 1 effects [ [32m'髮・悄襍､ (1)'[39m ]
[Acheron Debug] Event=ON_ACTION_COMPLETE, Source=acheron, MyID=acheron
[StatBuilder] Applying effect modifier: all_type_dmg_boost += 1.2 (add) from 髮ｷ蠢・(stack: 2)

 [32m笨・[39m app/simulator/scenarios/acheron.test.ts [2m([22m[2m6 tests[22m[2m)[22m[32m 34[2mms[22m[39m

[2m Test Files [22m [1m[32m1 passed[39m[22m[90m (1)[39m
[2m      Tests [22m [1m[32m6 passed[39m[22m[90m (6)[39m
[2m   Start at [22m 11:58:19
[2m   Duration [22m 2.57s[2m (transform 855ms, setup 0ms, import 1.08s, tests 34ms, environment 1.21s)[22m

