app/data/light-cones/we-are-the-wildfire.ts(1,32): error TS2307: Cannot find module '@/app/types' or its corresponding type declarations.
app/data/relics/longevous-disciple.ts(2,26): error TS2307: Cannot find module '@/app/types' or its corresponding type declarations.
app/simulator/effect/breakEffects.ts(9,25): error TS2307: Cannot find module '@/app/types' or its corresponding type declarations.
app/simulator/engine/handlers/generic.ts(2,84): error TS2307: Cannot find module '@/app/types' or its corresponding type declarations.
app/simulator/engine/handlers/genius-of-brilliant-stars.ts(2,25): error TS2307: Cannot find module '@/app/types' or its corresponding type declarations.
app/simulator/engine/handlers/planetary-rendezvous.ts(3,34): error TS2307: Cannot find module '@/app/types' or its corresponding type declarations.
app/simulator/tests/test_luocha.ts(17,61): error TS2353: Object literal may only specify known properties, and 'effect_res' does not exist in type '{ hp: number; atk: number; def: number; spd: number; critRate: 0.05; critDmg: 0.5; aggro: number; }'.
app/simulator/tests/test_luocha.ts(21,5): error TS2739: Type 'undefined[]' is missing the following properties from type '{ basic: IAbility; skill: IAbility; ultimate: IAbility; talent: IAbility; technique: IAbility; }': basic, skill, ultimate, talent, technique
app/simulator/tests/test_luocha.ts(53,9): error TS2322: Type 'Set<string>' is not assignable to type 'Set<"Physical" | "Fire" | "Ice" | "Lightning" | "Wind" | "Quantum" | "Imaginary">'.
  Type 'string' is not assignable to type '"Physical" | "Fire" | "Ice" | "Lightning" | "Wind" | "Quantum" | "Imaginary"'.
app/simulator/tests/test_luocha.ts(100,9): error TS2322: Type 'Set<string>' is not assignable to type 'Set<"Physical" | "Fire" | "Ice" | "Lightning" | "Wind" | "Quantum" | "Imaginary">'.
  Type 'string' is not assignable to type '"Physical" | "Fire" | "Ice" | "Lightning" | "Wind" | "Quantum" | "Imaginary"'.
app/simulator/tests/test_luocha.ts(144,9): error TS2322: Type 'Set<string>' is not assignable to type 'Set<"Physical" | "Fire" | "Ice" | "Lightning" | "Wind" | "Quantum" | "Imaginary">'.
  Type 'string' is not assignable to type '"Physical" | "Fire" | "Ice" | "Lightning" | "Wind" | "Quantum" | "Imaginary"'.
app/simulator/tests/test_luocha.ts(187,9): error TS2322: Type 'Set<string>' is not assignable to type 'Set<"Physical" | "Fire" | "Ice" | "Lightning" | "Wind" | "Quantum" | "Imaginary">'.
  Type 'string' is not assignable to type '"Physical" | "Fire" | "Ice" | "Lightning" | "Wind" | "Quantum" | "Imaginary"'.
app/simulator/tests/test_luocha.ts(244,13): error TS2322: Type 'Set<string>' is not assignable to type 'Set<"Physical" | "Fire" | "Ice" | "Lightning" | "Wind" | "Quantum" | "Imaginary">'.
  Type 'string' is not assignable to type '"Physical" | "Fire" | "Ice" | "Lightning" | "Wind" | "Quantum" | "Imaginary"'.
node_modules/zod/v4/locales/index.d.cts(1,21): error TS1259: Module '"C:/soft/starrail_party_calc/node_modules/zod/v4/locales/ar"' can only be default-imported using the 'esModuleInterop' flag
node_modules/zod/v4/locales/index.d.cts(2,21): error TS1259: Module '"C:/soft/starrail_party_calc/node_modules/zod/v4/locales/az"' can only be default-imported using the 'esModuleInterop' flag
node_modules/zod/v4/locales/index.d.cts(3,21): error TS1259: Module '"C:/soft/starrail_party_calc/node_modules/zod/v4/locales/be"' can only be default-imported using the 'esModuleInterop' flag
node_modules/zod/v4/locales/index.d.cts(5,21): error TS1259: Module '"C:/soft/starrail_party_calc/node_modules/zod/v4/locales/ca"' can only be default-imported using the 'esModuleInterop' flag
node_modules/zod/v4/locales/index.d.cts(6,21): error TS1259: Module '"C:/soft/starrail_party_calc/node_modules/zod/v4/locales/cs"' can only be default-imported using the 'esModuleInterop' flag
node_modules/zod/v4/locales/index.d.cts(7,21): error TS1259: Module '"C:/soft/starrail_party_calc/node_modules/zod/v4/locales/da"' can only be default-imported using the 'esModuleInterop' flag
node_modules/zod/v4/locales/index.d.cts(8,21): error TS1259: Module '"C:/soft/starrail_party_calc/node_modules/zod/v4/locales/de"' can only be default-imported using the 'esModuleInterop' flag
node_modules/zod/v4/locales/index.d.cts(11,21): error TS1259: Module '"C:/soft/starrail_party_calc/node_modules/zod/v4/locales/es"' can only be default-imported using the 'esModuleInterop' flag
node_modules/zod/v4/locales/index.d.cts(12,21): error TS1259: Module '"C:/soft/starrail_party_calc/node_modules/zod/v4/locales/fa"' can only be default-imported using the 'esModuleInterop' flag
node_modules/zod/v4/locales/index.d.cts(13,21): error TS1259: Module '"C:/soft/starrail_party_calc/node_modules/zod/v4/locales/fi"' can only be default-imported using the 'esModuleInterop' flag
node_modules/zod/v4/locales/index.d.cts(14,21): error TS1259: Module '"C:/soft/starrail_party_calc/node_modules/zod/v4/locales/fr"' can only be default-imported using the 'esModuleInterop' flag
node_modules/zod/v4/locales/index.d.cts(15,21): error TS1259: Module '"C:/soft/starrail_party_calc/node_modules/zod/v4/locales/fr-CA"' can only be default-imported using the 'esModuleInterop' flag
node_modules/zod/v4/locales/index.d.cts(16,21): error TS1259: Module '"C:/soft/starrail_party_calc/node_modules/zod/v4/locales/he"' can only be default-imported using the 'esModuleInterop' flag
node_modules/zod/v4/locales/index.d.cts(17,21): error TS1259: Module '"C:/soft/starrail_party_calc/node_modules/zod/v4/locales/hu"' can only be default-imported using the 'esModuleInterop' flag
node_modules/zod/v4/locales/index.d.cts(18,21): error TS1259: Module '"C:/soft/starrail_party_calc/node_modules/zod/v4/locales/id"' can only be default-imported using the 'esModuleInterop' flag
node_modules/zod/v4/locales/index.d.cts(20,21): error TS1259: Module '"C:/soft/starrail_party_calc/node_modules/zod/v4/locales/it"' can only be default-imported using the 'esModuleInterop' flag
node_modules/zod/v4/locales/index.d.cts(21,21): error TS1259: Module '"C:/soft/starrail_party_calc/node_modules/zod/v4/locales/ja"' can only be default-imported using the 'esModuleInterop' flag
node_modules/zod/v4/locales/index.d.cts(23,21): error TS1259: Module '"C:/soft/starrail_party_calc/node_modules/zod/v4/locales/kh"' can only be default-imported using the 'esModuleInterop' flag
node_modules/zod/v4/locales/index.d.cts(24,21): error TS1259: Module '"C:/soft/starrail_party_calc/node_modules/zod/v4/locales/km"' can only be default-imported using the 'esModuleInterop' flag
node_modules/zod/v4/locales/index.d.cts(25,21): error TS1259: Module '"C:/soft/starrail_party_calc/node_modules/zod/v4/locales/ko"' can only be default-imported using the 'esModuleInterop' flag
node_modules/zod/v4/locales/index.d.cts(27,21): error TS1259: Module '"C:/soft/starrail_party_calc/node_modules/zod/v4/locales/mk"' can only be default-imported using the 'esModuleInterop' flag
node_modules/zod/v4/locales/index.d.cts(28,21): error TS1259: Module '"C:/soft/starrail_party_calc/node_modules/zod/v4/locales/ms"' can only be default-imported using the 'esModuleInterop' flag
node_modules/zod/v4/locales/index.d.cts(29,21): error TS1259: Module '"C:/soft/starrail_party_calc/node_modules/zod/v4/locales/nl"' can only be default-imported using the 'esModuleInterop' flag
node_modules/zod/v4/locales/index.d.cts(30,21): error TS1259: Module '"C:/soft/starrail_party_calc/node_modules/zod/v4/locales/no"' can only be default-imported using the 'esModuleInterop' flag
node_modules/zod/v4/locales/index.d.cts(31,21): error TS1259: Module '"C:/soft/starrail_party_calc/node_modules/zod/v4/locales/ota"' can only be default-imported using the 'esModuleInterop' flag
node_modules/zod/v4/locales/index.d.cts(32,21): error TS1259: Module '"C:/soft/starrail_party_calc/node_modules/zod/v4/locales/ps"' can only be default-imported using the 'esModuleInterop' flag
node_modules/zod/v4/locales/index.d.cts(33,21): error TS1259: Module '"C:/soft/starrail_party_calc/node_modules/zod/v4/locales/pl"' can only be default-imported using the 'esModuleInterop' flag
node_modules/zod/v4/locales/index.d.cts(34,21): error TS1259: Module '"C:/soft/starrail_party_calc/node_modules/zod/v4/locales/pt"' can only be default-imported using the 'esModuleInterop' flag
node_modules/zod/v4/locales/index.d.cts(35,21): error TS1259: Module '"C:/soft/starrail_party_calc/node_modules/zod/v4/locales/ru"' can only be default-imported using the 'esModuleInterop' flag
node_modules/zod/v4/locales/index.d.cts(36,21): error TS1259: Module '"C:/soft/starrail_party_calc/node_modules/zod/v4/locales/sl"' can only be default-imported using the 'esModuleInterop' flag
node_modules/zod/v4/locales/index.d.cts(37,21): error TS1259: Module '"C:/soft/starrail_party_calc/node_modules/zod/v4/locales/sv"' can only be default-imported using the 'esModuleInterop' flag
node_modules/zod/v4/locales/index.d.cts(38,21): error TS1259: Module '"C:/soft/starrail_party_calc/node_modules/zod/v4/locales/ta"' can only be default-imported using the 'esModuleInterop' flag
node_modules/zod/v4/locales/index.d.cts(39,21): error TS1259: Module '"C:/soft/starrail_party_calc/node_modules/zod/v4/locales/th"' can only be default-imported using the 'esModuleInterop' flag
node_modules/zod/v4/locales/index.d.cts(41,21): error TS1259: Module '"C:/soft/starrail_party_calc/node_modules/zod/v4/locales/ua"' can only be default-imported using the 'esModuleInterop' flag
node_modules/zod/v4/locales/index.d.cts(42,21): error TS1259: Module '"C:/soft/starrail_party_calc/node_modules/zod/v4/locales/uk"' can only be default-imported using the 'esModuleInterop' flag
node_modules/zod/v4/locales/index.d.cts(43,21): error TS1259: Module '"C:/soft/starrail_party_calc/node_modules/zod/v4/locales/ur"' can only be default-imported using the 'esModuleInterop' flag
node_modules/zod/v4/locales/index.d.cts(44,21): error TS1259: Module '"C:/soft/starrail_party_calc/node_modules/zod/v4/locales/vi"' can only be default-imported using the 'esModuleInterop' flag
node_modules/zod/v4/locales/index.d.cts(45,21): error TS1259: Module '"C:/soft/starrail_party_calc/node_modules/zod/v4/locales/zh-CN"' can only be default-imported using the 'esModuleInterop' flag
node_modules/zod/v4/locales/index.d.cts(46,21): error TS1259: Module '"C:/soft/starrail_party_calc/node_modules/zod/v4/locales/zh-TW"' can only be default-imported using the 'esModuleInterop' flag
node_modules/zod/v4/locales/index.d.cts(47,21): error TS1259: Module '"C:/soft/starrail_party_calc/node_modules/zod/v4/locales/yo"' can only be default-imported using the 'esModuleInterop' flag
